../Core/Src/main.c:79:6:HAL_TIM_PWM_PulseFinishedCallback	16	static
../Core/Src/main.c:89:5:main	16	static
../Core/Src/main.c:156:6:SystemClock_Config	112	static
../Core/Src/main.c:204:13:MX_ADC_Init	24	static
../Core/Src/main.c:258:13:MX_CAN_Init	8	static
../Core/Src/main.c:294:13:MX_I2C1_Init	8	static
../Core/Src/main.c:342:13:MX_RTC_Init	8	static
../Core/Src/main.c:377:13:MX_TIM2_Init	64	static
../Core/Src/main.c:434:13:MX_DMA_Init	16	static
../Core/Src/main.c:452:13:MX_GPIO_Init	48	static
../Core/Src/main.c:523:6:Error_Handler	8	static,ignoring_inline_asm
